> hvigor [32mFinished :entry:clean... after 24 ms [39m
> hvigor [32mFinished :entry:default@PreBuild... after 78 ms [39m
> hvigor [32mFinished :entry:default@CreateModuleInfo... after 1 ms [39m
> hvigor [32mFinished :entry:default@GenerateMetadata... after 3 ms [39m
> hvigor [32mFinished :entry:default@ConfigureCmake... after 1 ms [39m
> hvigor [32mFinished :entry:default@MergeProfile... after 20 ms [39m
> hvigor [32mFinished :entry:default@CreateBuildProfile... after 2 ms [39m
> hvigor [32mFinished :entry:default@PreCheckSyscap... after 1 ms [39m
> hvigor [32mFinished :entry:default@GeneratePkgContextInfo... after 3 ms [39m
> hvigor [32mFinished :entry:default@GeneratePkgSdkInfo... after 2 ms [39m
> hvigor [32mFinished :entry:default@ProcessIntegratedHsp... after 1 ms [39m
> hvigor [32mFinished :entry:default@BuildNativeWithCmake... after 1 ms [39m
> hvigor [32mFinished :entry:default@MakePackInfo... after 2 ms [39m
> hvigor [32mFinished :entry:default@SyscapTransform... after 8 ms [39m
> hvigor [32mFinished :entry:default@ProcessProfile... after 129 ms [39m
> hvigor [32mFinished :entry:default@ProcessRouterMap... after 3 ms [39m
> hvigor [32mFinished :entry:default@ProcessShareConfig... after 2 ms [39m
> hvigor [32mFinished :entry:default@ProcessStartupConfig... after 1 ms [39m
> hvigor [32mFinished :entry:default@BuildNativeWithNinja... after 1 ms [39m
> hvigor [32mFinished :entry:default@ProcessResource... after 2 ms [39m
> hvigor [32mFinished :entry:default@GenerateLoaderJson... after 5 ms [39m
> hvigor [32mFinished :entry:default@ProcessLibs... after 3 ms [39m
> hvigor [32mFinished :entry:default@CompileResource... after 223 ms [39m
> hvigor [32mFinished :entry:default@DoNativeStrip... after 2 ms [39m
> hvigor [32mFinished :entry:default@BuildJS... after 2 ms [39m
> hvigor [32mFinished :entry:default@CacheNativeLibs... after 6 ms [39m
> hvigor WARN: WARN: ArkTS:WARN File: D:/TictocBuild-20260911/entry/src/main/ets/entryability/EntryAbility.ets:24:56
 Function may throw exceptions. Special handling is required.

WARN: ArkTS:WARN File: D:/TictocBuild-20260911/entry/src/main/ets/entryability/EntryAbility.ets:25:23
 Function may throw exceptions. Special handling is required.

WARN: ArkTS:WARN File: D:/TictocBuild-20260911/entry/src/main/ets/entryability/EntryAbility.ets:26:23
 Function may throw exceptions. Special handling is required.

WARN: ArkTS:WARN File: D:/TictocBuild-20260911/entry/src/main/ets/data/SettingsStore.ets:31:36
 Function may throw exceptions. Special handling is required.

WARN: ArkTS:WARN File: D:/TictocBuild-20260911/entry/src/main/ets/data/SettingsStore.ets:43:34
 Function may throw exceptions. Special handling is required.

WARN: ArkTS:WARN File: D:/TictocBuild-20260911/entry/src/main/ets/data/SettingsStore.ets:44:43
 Function may throw exceptions. Special handling is required.

WARN: ArkTS:WARN File: D:/TictocBuild-20260911/entry/src/main/ets/data/SettingsStore.ets:60:33
 Function may throw exceptions. Special handling is required.

WARN: ArkTS:WARN File: D:/TictocBuild-20260911/entry/src/main/ets/data/SettingsStore.ets:61:31
 Function may throw exceptions. Special handling is required.

WARN: ArkTS:WARN File: D:/TictocBuild-20260911/entry/src/main/ets/data/SettingsStore.ets:62:32
 Function may throw exceptions. Special handling is required.

WARN: ArkTS:WARN File: D:/TictocBuild-20260911/entry/src/main/ets/data/SettingsStore.ets:63:27
 Function may throw exceptions. Special handling is required.

WARN: ArkTS:WARN File: D:/TictocBuild-20260911/entry/src/main/ets/data/SettingsStore.ets:64:27
 Function may throw exceptions. Special handling is required.

WARN: ArkTS:WARN File: D:/TictocBuild-20260911/entry/src/main/ets/data/SettingsStore.ets:69:27
 Function may throw exceptions. Special handling is required.

WARN: ArkTS:WARN File: D:/TictocBuild-20260911/entry/src/main/ets/data/SettingsStore.ets:70:27
 Function may throw exceptions. Special handling is required.

WARN: ArkTS:WARN File: D:/TictocBuild-20260911/entry/src/main/ets/data/SettingsStore.ets:74:27
 Function may throw exceptions. Special handling is required.

WARN: ArkTS:WARN File: D:/TictocBuild-20260911/entry/src/main/ets/data/SettingsStore.ets:75:27
 Function may throw exceptions. Special handling is required.

WARN: ArkTS:WARN File: D:/TictocBuild-20260911/entry/src/main/ets/data/SettingsStore.ets:80:16
 Function may throw exceptions. Special handling is required.

WARN: ArkTS:WARN File: D:/TictocBuild-20260911/entry/src/main/ets/data/SettingsStore.ets:81:16
 Function may throw exceptions. Special handling is required.

WARN: ArkTS:WARN File: D:/TictocBuild-20260911/entry/src/main/ets/data/SettingsStore.ets:82:16
 Function may throw exceptions. Special handling is required.

WARN: ArkTS:WARN File: D:/TictocBuild-20260911/entry/src/main/ets/data/SettingsStore.ets:83:16
 Function may throw exceptions. Special handling is required.

WARN: ArkTS:WARN File: D:/TictocBuild-20260911/entry/src/main/ets/data/SettingsStore.ets:88:16
 Function may throw exceptions. Special handling is required.

WARN: ArkTS:WARN File: D:/TictocBuild-20260911/entry/src/main/ets/data/SettingsStore.ets:89:16
 Function may throw exceptions. Special handling is required.

WARN: ArkTS:WARN File: D:/TictocBuild-20260911/entry/src/main/ets/data/SettingsStore.ets:90:16
 Function may throw exceptions. Special handling is required.

WARN: ArkTS:WARN File: D:/TictocBuild-20260911/entry/src/main/ets/data/SettingsStore.ets:95:16
 Function may throw exceptions. Special handling is required.

WARN: ArkTS:WARN File: D:/TictocBuild-20260911/entry/src/main/ets/data/SettingsStore.ets:96:16
 Function may throw exceptions. Special handling is required.

WARN: ArkTS:WARN File: D:/TictocBuild-20260911/entry/src/main/ets/data/SettingsStore.ets:97:16
 Function may throw exceptions. Special handling is required.

WARN: ArkTS:WARN File: D:/TictocBuild-20260911/entry/src/main/ets/guard/TictocGuardManager.ets:56:28
 Function may throw exceptions. Special handling is required.

WARN: ArkTS:WARN File: D:/TictocBuild-20260911/entry/src/main/ets/security/PinSecurity.ets:15:40
 The system capacity of this api 'createRandom' is not supported on all devices

WARN: ArkTS:WARN File: D:/TictocBuild-20260911/entry/src/main/ets/security/PinSecurity.ets:15:40
 Function may throw exceptions. Special handling is required.

WARN: ArkTS:WARN File: D:/TictocBuild-20260911/entry/src/main/ets/security/PinSecurity.ets:15:55
 The system capacity of this api 'generateRandomSync' is not supported on all devices

WARN: ArkTS:WARN File: D:/TictocBuild-20260911/entry/src/main/ets/security/PinSecurity.ets:15:55
 Function may throw exceptions. Special handling is required.

WARN: ArkTS:WARN File: D:/TictocBuild-20260911/entry/src/main/ets/security/PinSecurity.ets:36:36
 The system capacity of this api 'createMd' is not supported on all devices

WARN: ArkTS:WARN File: D:/TictocBuild-20260911/entry/src/main/ets/security/PinSecurity.ets:36:36
 Function may throw exceptions. Special handling is required.

WARN: ArkTS:WARN File: D:/TictocBuild-20260911/entry/src/main/ets/security/PinSecurity.ets:39:18
 The system capacity of this api 'update' is not supported on all devices

WARN: ArkTS:WARN File: D:/TictocBuild-20260911/entry/src/main/ets/security/PinSecurity.ets:39:18
 Function may throw exceptions. Special handling is required.

WARN: ArkTS:WARN File: D:/TictocBuild-20260911/entry/src/main/ets/security/PinSecurity.ets:40:33
 The system capacity of this api 'digest' is not supported on all devices

WARN: ArkTS:WARN File: D:/TictocBuild-20260911/entry/src/main/ets/security/PinSecurity.ets:40:33
 Function may throw exceptions. Special handling is required.

WARN: ArkTS:WARN File: D:/TictocBuild-20260911/entry/src/main/ets/pages/HomePage.ets:258:43
 Function may throw exceptions. Special handling is required.


> hvigor [32mFinished :entry:default@CompileArkTS... after 2 s 603 ms [39m
> hvigor [32mFinished :entry:default@GeneratePkgModuleJson... after 2 ms [39m
> hvigor [32mFinished :entry:default@ProcessCompiledResources... after 1 ms [39m
> hvigor [32mFinished :entry:default@PackageHap... after 391 ms [39m
> hvigor [32mFinished :entry:default@PackingCheck... after 3 ms [39m
> hvigor WARN: Will skip sign 'hos_hap'. No signingConfigs profile is configured in current project.
             If needed, configure the signingConfigs in D:\TictocBuild-20260911\build-profile.json5.
> hvigor [32mFinished :entry:default@SignHap... after 1 ms [39m
> hvigor [32mFinished :entry:default@CollectDebugSymbol... after 1 ms [39m
> hvigor [32mFinished :entry:assembleHap... after 1 ms [39m
> hvigor [32mBUILD SUCCESSFUL in 6 s 331 ms [39m

34 tasks in total: 34 executed, 0 up-to-date
